2025-01-11 18:18:27,358 INFO in module masks.py: номер карты замаскирован успешно
2025-01-11 18:18:27,361 ERROR in module masks.py: номер карты 123456789012345678 содержит меньше или больше 16 цифр
2025-01-11 18:18:27,364 ERROR in module masks.py: номер карты 123456789012345678 содержит меньше или больше 16 цифр
2025-01-11 18:18:27,367 INFO in module masks.py: номер карты замаскирован успешно
2025-01-11 18:18:27,417 INFO in module masks.py: номер карты замаскирован успешно
2025-01-11 18:18:27,420 ERROR in module masks.py: номер карты 466570763421305 содержит меньше или больше 16 цифр
2025-01-11 18:18:27,422 INFO in module masks.py: номер счета замаскирован успешно
2025-01-11 18:18:27,425 ERROR in module masks.py: номер карты 123 содержит меньше или больше 16 цифр
2025-01-11 18:18:27,428 ERROR in module masks.py: номер счета 123 содержит меньше или больше 20 цифр
2025-01-11 18:18:27,431 ERROR in module masks.py: номер счета 1812659170946368319 содержит меньше или больше 20 цифр
2025-01-11 18:18:32,349 INFO in module masks.py: номер карты замаскирован успешно
2025-01-11 18:18:32,352 INFO in module masks.py: номер счета замаскирован успешно
2025-01-11 18:18:32,355 INFO in module masks.py: номер карты замаскирован успешно
2025-01-11 18:18:32,358 INFO in module masks.py: номер счета замаскирован успешно
2025-01-11 18:18:32,360 INFO in module masks.py: номер карты замаскирован успешно
2025-01-11 18:18:32,362 INFO in module masks.py: номер карты замаскирован успешно
2025-01-11 18:18:32,365 INFO in module masks.py: номер карты замаскирован успешно
2025-01-11 18:18:32,367 INFO in module masks.py: номер счета замаскирован успешно
2025-01-11 18:19:33,692 INFO in module masks.py: номер карты замаскирован успешно
2025-01-11 18:19:33,695 ERROR in module masks.py: номер карты 123456789012345678 содержит меньше или больше 16 цифр
2025-01-11 18:19:33,698 ERROR in module masks.py: номер карты 123456789012345678 содержит меньше или больше 16 цифр
2025-01-11 18:19:33,700 INFO in module masks.py: номер карты замаскирован успешно
2025-01-11 18:19:33,750 INFO in module masks.py: номер карты замаскирован успешно
2025-01-11 18:19:33,752 ERROR in module masks.py: номер карты 466570763421305 содержит меньше или больше 16 цифр
2025-01-11 18:19:33,761 INFO in module masks.py: номер счета замаскирован успешно
2025-01-11 18:19:33,763 ERROR in module masks.py: номер карты 123 содержит меньше или больше 16 цифр
2025-01-11 18:19:33,766 ERROR in module masks.py: номер счета 123 содержит меньше или больше 20 цифр
2025-01-11 18:19:33,768 ERROR in module masks.py: номер счета 1812659170946368319 содержит меньше или больше 20 цифр
2025-01-11 18:19:36,512 INFO in module masks.py: номер карты замаскирован успешно
2025-01-11 18:19:36,515 INFO in module masks.py: номер счета замаскирован успешно
2025-01-11 18:19:36,517 INFO in module masks.py: номер карты замаскирован успешно
2025-01-11 18:19:36,519 INFO in module masks.py: номер счета замаскирован успешно
2025-01-11 18:19:36,522 INFO in module masks.py: номер карты замаскирован успешно
2025-01-11 18:19:36,524 INFO in module masks.py: номер карты замаскирован успешно
2025-01-11 18:19:36,528 INFO in module masks.py: номер карты замаскирован успешно
2025-01-11 18:19:36,532 INFO in module masks.py: номер счета замаскирован успешно
2025-01-11 18:20:22,064 INFO in module masks.py: номер карты замаскирован успешно
2025-01-11 18:20:22,067 ERROR in module masks.py: номер карты 123456789012345678 содержит меньше или больше 16 цифр
2025-01-11 18:20:22,069 ERROR in module masks.py: номер карты 123456789012345678 содержит меньше или больше 16 цифр
2025-01-11 18:20:22,072 INFO in module masks.py: номер карты замаскирован успешно
2025-01-11 18:20:22,130 INFO in module masks.py: номер карты замаскирован успешно
2025-01-11 18:20:22,132 ERROR in module masks.py: номер карты 466570763421305 содержит меньше или больше 16 цифр
2025-01-11 18:20:22,138 INFO in module masks.py: номер счета замаскирован успешно
2025-01-11 18:20:22,141 ERROR in module masks.py: номер карты 123 содержит меньше или больше 16 цифр
2025-01-11 18:20:22,144 ERROR in module masks.py: номер счета 123 содержит меньше или больше 20 цифр
2025-01-11 18:20:22,146 ERROR in module masks.py: номер счета 1812659170946368319 содержит меньше или больше 20 цифр
2025-01-11 18:20:24,884 INFO in module masks.py: номер карты замаскирован успешно
2025-01-11 18:20:24,888 INFO in module masks.py: номер счета замаскирован успешно
2025-01-11 18:20:24,890 INFO in module masks.py: номер карты замаскирован успешно
2025-01-11 18:20:24,894 INFO in module masks.py: номер счета замаскирован успешно
2025-01-11 18:20:24,896 INFO in module masks.py: номер карты замаскирован успешно
2025-01-11 18:20:24,899 INFO in module masks.py: номер карты замаскирован успешно
2025-01-11 18:20:24,901 INFO in module masks.py: номер карты замаскирован успешно
2025-01-11 18:20:24,904 INFO in module masks.py: номер счета замаскирован успешно
2025-01-16 16:30:17,046 INFO in module masks.py: номер карты замаскирован успешно
2025-01-16 16:30:17,060 ERROR in module masks.py: номер карты 123456789012345678 содержит меньше или больше 16 цифр
2025-01-16 16:30:17,066 ERROR in module masks.py: номер карты 123456789012345678 содержит меньше или больше 16 цифр
2025-01-16 16:30:17,071 INFO in module masks.py: номер карты замаскирован успешно
2025-01-16 16:30:20,650 INFO in module masks.py: номер карты замаскирован успешно
2025-01-16 16:30:20,655 ERROR in module masks.py: номер карты 466570763421305 содержит меньше или больше 16 цифр
2025-01-16 16:30:20,662 INFO in module masks.py: номер счета замаскирован успешно
2025-01-16 16:30:20,669 ERROR in module masks.py: номер карты 123 содержит меньше или больше 16 цифр
2025-01-16 16:30:20,674 ERROR in module masks.py: номер счета 123 содержит меньше или больше 20 цифр
2025-01-16 16:30:20,680 ERROR in module masks.py: номер счета 1812659170946368319 содержит меньше или больше 20 цифр
2025-01-16 16:30:24,285 INFO in module masks.py: номер карты замаскирован успешно
2025-01-16 16:30:24,292 INFO in module masks.py: номер счета замаскирован успешно
2025-01-16 16:30:24,299 INFO in module masks.py: номер карты замаскирован успешно
2025-01-16 16:30:24,305 INFO in module masks.py: номер счета замаскирован успешно
2025-01-16 16:30:24,314 INFO in module masks.py: номер карты замаскирован успешно
2025-01-16 16:30:24,325 INFO in module masks.py: номер карты замаскирован успешно
2025-01-16 16:30:24,333 INFO in module masks.py: номер карты замаскирован успешно
2025-01-16 16:30:24,340 INFO in module masks.py: номер счета замаскирован успешно
2025-01-21 13:54:52,729 ERROR in module masks.py: Visa Classic 8906171742833215 не является номером карты, не состоит из 16 цифр
2025-01-21 14:13:23,360 ERROR in module masks.py: Visa Classic 8906171742833215 не является номером карты, не состоит из 16 цифр
2025-01-21 14:19:06,812 ERROR in module masks.py: Счет 90424923579946435907 не является номером счета, не состоит из 20 цифр
2025-01-21 14:23:27,634 INFO in module masks.py: номер счета замаскирован успешно
2025-01-21 14:23:32,098 INFO in module masks.py: номер карты замаскирован успешно
2025-01-21 14:23:35,192 INFO in module masks.py: номер счета замаскирован успешно
2025-01-21 14:23:35,197 INFO in module masks.py: номер карты замаскирован успешно
2025-01-21 14:23:35,197 INFO in module masks.py: номер счета замаскирован успешно
2025-01-21 14:23:35,199 INFO in module masks.py: номер счета замаскирован успешно
2025-01-21 14:23:35,199 INFO in module masks.py: номер счета замаскирован успешно
2025-01-21 14:23:38,476 INFO in module masks.py: номер счета замаскирован успешно
2025-01-21 14:23:38,479 INFO in module masks.py: номер карты замаскирован успешно
2025-01-21 14:23:38,480 INFO in module masks.py: номер счета замаскирован успешно
2025-01-21 14:23:38,481 INFO in module masks.py: номер счета замаскирован успешно
2025-01-21 14:23:38,482 INFO in module masks.py: номер счета замаскирован успешно
2025-01-21 14:23:38,483 INFO in module masks.py: номер счета замаскирован успешно
2025-01-21 14:23:38,484 INFO in module masks.py: номер счета замаскирован успешно
2025-01-21 14:23:38,542 INFO in module masks.py: номер карты замаскирован успешно
2025-01-21 14:23:38,542 INFO in module masks.py: номер карты замаскирован успешно
2025-01-21 14:23:38,543 INFO in module masks.py: номер карты замаскирован успешно
2025-01-21 14:23:38,544 INFO in module masks.py: номер счета замаскирован успешно
2025-01-21 14:23:38,548 INFO in module masks.py: номер карты замаскирован успешно
2025-01-21 14:23:38,548 INFO in module masks.py: номер счета замаскирован успешно
2025-01-21 14:23:38,550 INFO in module masks.py: номер счета замаскирован успешно
2025-01-21 14:23:38,550 INFO in module masks.py: номер счета замаскирован успешно
2025-01-21 14:23:38,553 INFO in module masks.py: номер карты замаскирован успешно
2025-01-21 14:23:38,554 INFO in module masks.py: номер счета замаскирован успешно
2025-01-21 14:23:38,557 INFO in module masks.py: номер счета замаскирован успешно
2025-01-21 14:23:38,558 INFO in module masks.py: номер счета замаскирован успешно
2025-01-21 14:23:38,559 INFO in module masks.py: номер счета замаскирован успешно
2025-01-21 14:23:38,560 INFO in module masks.py: номер счета замаскирован успешно
2025-01-21 14:23:38,562 INFO in module masks.py: номер счета замаскирован успешно
2025-01-21 14:23:38,562 INFO in module masks.py: номер счета замаскирован успешно
2025-01-21 14:23:38,563 INFO in module masks.py: номер карты замаскирован успешно
2025-01-21 14:23:38,564 INFO in module masks.py: номер карты замаскирован успешно
2025-01-21 14:23:38,565 INFO in module masks.py: номер счета замаскирован успешно
2025-01-21 14:23:38,568 INFO in module masks.py: номер карты замаскирован успешно
2025-01-21 14:23:38,569 INFO in module masks.py: номер счета замаскирован успешно
2025-01-21 14:23:38,573 INFO in module masks.py: номер счета замаскирован успешно
2025-01-21 14:23:38,574 INFO in module masks.py: номер счета замаскирован успешно
2025-01-21 14:23:38,576 INFO in module masks.py: номер карты замаскирован успешно
2025-01-21 14:23:38,577 INFO in module masks.py: номер счета замаскирован успешно
2025-01-21 14:23:38,578 INFO in module masks.py: номер счета замаскирован успешно
2025-01-21 14:23:38,580 INFO in module masks.py: номер счета замаскирован успешно
2025-01-21 14:23:38,586 INFO in module masks.py: номер карты замаскирован успешно
2025-01-21 14:23:38,591 INFO in module masks.py: номер счета замаскирован успешно
2025-01-21 14:23:38,597 INFO in module masks.py: номер счета замаскирован успешно
2025-01-21 14:23:38,598 INFO in module masks.py: номер счета замаскирован успешно
2025-01-21 14:23:38,600 INFO in module masks.py: номер счета замаскирован успешно
2025-01-21 14:23:38,606 INFO in module masks.py: номер карты замаскирован успешно
2025-01-21 14:23:38,608 INFO in module masks.py: номер счета замаскирован успешно
2025-01-21 14:23:38,611 INFO in module masks.py: номер счета замаскирован успешно
2025-01-21 14:23:38,612 INFO in module masks.py: номер счета замаскирован успешно
2025-01-21 14:23:38,615 INFO in module masks.py: номер карты замаскирован успешно
2025-01-21 14:23:38,615 INFO in module masks.py: номер счета замаскирован успешно
2025-01-21 14:23:38,617 INFO in module masks.py: номер карты замаскирован успешно
2025-01-21 14:23:38,618 INFO in module masks.py: номер счета замаскирован успешно
2025-01-21 14:23:38,620 INFO in module masks.py: номер карты замаскирован успешно
2025-01-21 14:23:38,623 INFO in module masks.py: номер карты замаскирован успешно
2025-01-21 14:23:38,624 INFO in module masks.py: номер счета замаскирован успешно
2025-01-21 14:23:38,625 INFO in module masks.py: номер счета замаскирован успешно
2025-01-21 14:23:38,626 INFO in module masks.py: номер карты замаскирован успешно
2025-01-21 14:23:38,627 INFO in module masks.py: номер карты замаскирован успешно
2025-01-21 14:23:38,629 INFO in module masks.py: номер счета замаскирован успешно
2025-01-21 14:23:38,630 INFO in module masks.py: номер счета замаскирован успешно
2025-01-21 14:23:38,632 INFO in module masks.py: номер карты замаскирован успешно
2025-01-21 14:23:38,633 INFO in module masks.py: номер карты замаскирован успешно
2025-01-21 14:23:38,643 INFO in module masks.py: номер счета замаскирован успешно
2025-01-21 14:23:38,644 INFO in module masks.py: номер счета замаскирован успешно
2025-01-21 14:23:38,645 INFO in module masks.py: номер карты замаскирован успешно
2025-01-21 14:23:38,646 INFO in module masks.py: номер счета замаскирован успешно
2025-01-21 14:23:38,647 INFO in module masks.py: номер счета замаскирован успешно
2025-01-21 14:23:38,647 INFO in module masks.py: номер счета замаскирован успешно
2025-01-21 14:23:38,648 INFO in module masks.py: номер карты замаскирован успешно
2025-01-21 14:23:38,649 INFO in module masks.py: номер счета замаскирован успешно
2025-01-21 14:23:38,650 INFO in module masks.py: номер карты замаскирован успешно
2025-01-21 14:23:38,650 INFO in module masks.py: номер счета замаскирован успешно
2025-01-21 14:23:38,652 INFO in module masks.py: номер карты замаскирован успешно
2025-01-21 14:23:38,652 INFO in module masks.py: номер счета замаскирован успешно
2025-01-21 14:23:38,655 INFO in module masks.py: номер счета замаскирован успешно
2025-01-21 14:23:38,655 INFO in module masks.py: номер счета замаскирован успешно
2025-01-21 14:23:38,657 INFO in module masks.py: номер счета замаскирован успешно
2025-01-21 14:23:38,658 INFO in module masks.py: номер счета замаскирован успешно
2025-01-21 14:23:38,659 INFO in module masks.py: номер счета замаскирован успешно
2025-01-21 14:23:38,659 INFO in module masks.py: номер счета замаскирован успешно
2025-01-21 14:23:38,660 INFO in module masks.py: номер счета замаскирован успешно
2025-01-21 14:23:38,661 INFO in module masks.py: номер счета замаскирован успешно
2025-01-21 14:23:38,663 INFO in module masks.py: номер счета замаскирован успешно
2025-01-21 14:23:38,664 INFO in module masks.py: номер карты замаскирован успешно
2025-01-21 14:23:38,664 INFO in module masks.py: номер карты замаскирован успешно
2025-01-21 14:23:38,665 INFO in module masks.py: номер карты замаскирован успешно
2025-01-21 14:23:38,666 INFO in module masks.py: номер карты замаскирован успешно
2025-01-21 14:23:38,667 INFO in module masks.py: номер счета замаскирован успешно
2025-01-21 14:23:38,667 INFO in module masks.py: номер счета замаскирован успешно
2025-01-21 14:23:38,668 INFO in module masks.py: номер счета замаскирован успешно
2025-01-21 14:23:38,669 INFO in module masks.py: номер счета замаскирован успешно
2025-01-21 14:23:38,671 INFO in module masks.py: номер карты замаскирован успешно
2025-01-21 14:23:38,673 INFO in module masks.py: номер карты замаскирован успешно
2025-01-21 14:23:38,675 INFO in module masks.py: номер карты замаскирован успешно
2025-01-21 14:23:38,675 INFO in module masks.py: номер карты замаскирован успешно
2025-01-21 14:23:38,677 INFO in module masks.py: номер счета замаскирован успешно
2025-01-21 14:23:38,677 INFO in module masks.py: номер счета замаскирован успешно
2025-01-21 14:23:38,678 INFO in module masks.py: номер карты замаскирован успешно
2025-01-21 14:23:38,678 INFO in module masks.py: номер карты замаскирован успешно
2025-01-21 14:23:38,679 INFO in module masks.py: номер карты замаскирован успешно
2025-01-21 14:23:38,680 INFO in module masks.py: номер счета замаскирован успешно
2025-01-21 14:23:38,680 INFO in module masks.py: номер счета замаскирован успешно
2025-01-21 14:23:38,681 INFO in module masks.py: номер счета замаскирован успешно
2025-01-21 14:23:38,682 INFO in module masks.py: номер карты замаскирован успешно
2025-01-21 14:23:38,683 INFO in module masks.py: номер карты замаскирован успешно
2025-01-21 14:23:38,684 INFO in module masks.py: номер карты замаскирован успешно
2025-01-21 14:23:38,684 INFO in module masks.py: номер карты замаскирован успешно
2025-01-21 14:23:38,685 INFO in module masks.py: номер счета замаскирован успешно
2025-01-21 14:23:38,686 INFO in module masks.py: номер счета замаскирован успешно
2025-01-21 14:23:38,689 INFO in module masks.py: номер счета замаскирован успешно
2025-01-21 14:23:38,690 INFO in module masks.py: номер карты замаскирован успешно
2025-01-21 14:23:38,691 INFO in module masks.py: номер счета замаскирован успешно
2025-01-21 14:23:38,694 INFO in module masks.py: номер счета замаскирован успешно
2025-01-21 14:23:38,694 INFO in module masks.py: номер счета замаскирован успешно
2025-01-21 14:23:38,697 INFO in module masks.py: номер счета замаскирован успешно
2025-01-21 14:23:38,699 INFO in module masks.py: номер карты замаскирован успешно
2025-01-21 14:23:38,699 INFO in module masks.py: номер карты замаскирован успешно
2025-01-21 14:23:38,701 INFO in module masks.py: номер счета замаскирован успешно
2025-01-21 14:23:38,701 INFO in module masks.py: номер счета замаскирован успешно
2025-01-21 14:23:38,708 INFO in module masks.py: номер карты замаскирован успешно
2025-01-21 14:23:38,709 INFO in module masks.py: номер счета замаскирован успешно
2025-01-21 14:23:38,710 INFO in module masks.py: номер карты замаскирован успешно
2025-01-21 14:23:38,711 INFO in module masks.py: номер счета замаскирован успешно
2025-01-21 14:23:38,713 INFO in module masks.py: номер счета замаскирован успешно
2025-01-21 14:23:38,714 INFO in module masks.py: номер счета замаскирован успешно
2025-01-21 14:23:38,715 INFO in module masks.py: номер карты замаскирован успешно
2025-01-21 14:23:38,716 INFO in module masks.py: номер счета замаскирован успешно
2025-01-21 14:23:38,717 INFO in module masks.py: номер карты замаскирован успешно
2025-01-21 14:23:38,718 INFO in module masks.py: номер счета замаскирован успешно
2025-01-21 14:23:38,719 INFO in module masks.py: номер карты замаскирован успешно
2025-01-21 14:23:38,719 INFO in module masks.py: номер счета замаскирован успешно
2025-01-21 14:23:38,720 INFO in module masks.py: номер карты замаскирован успешно
2025-01-21 14:23:38,720 INFO in module masks.py: номер счета замаскирован успешно
2025-01-21 14:23:38,723 INFO in module masks.py: номер счета замаскирован успешно
2025-01-21 14:23:38,724 INFO in module masks.py: номер счета замаскирован успешно
2025-01-21 14:23:38,726 INFO in module masks.py: номер карты замаскирован успешно
2025-01-21 14:23:38,727 INFO in module masks.py: номер счета замаскирован успешно
2025-01-21 14:23:38,728 INFO in module masks.py: номер счета замаскирован успешно
2025-01-21 14:23:38,729 INFO in module masks.py: номер счета замаскирован успешно
2025-01-21 14:23:38,730 INFO in module masks.py: номер счета замаскирован успешно
2025-01-21 14:23:38,731 INFO in module masks.py: номер карты замаскирован успешно
2025-01-21 14:23:38,731 INFO in module masks.py: номер счета замаскирован успешно
2025-01-21 14:23:38,732 INFO in module masks.py: номер счета замаскирован успешно
2025-01-21 14:23:38,733 INFO in module masks.py: номер счета замаскирован успешно
2025-01-21 14:23:38,734 INFO in module masks.py: номер карты замаскирован успешно
2025-01-21 14:23:38,734 INFO in module masks.py: номер счета замаскирован успешно
2025-01-21 14:23:38,735 INFO in module masks.py: номер карты замаскирован успешно
2025-01-21 14:23:38,735 INFO in module masks.py: номер счета замаскирован успешно
2025-01-21 14:23:38,737 INFO in module masks.py: номер карты замаскирован успешно
2025-01-21 14:23:38,739 INFO in module masks.py: номер карты замаскирован успешно
2025-01-21 14:23:38,741 INFO in module masks.py: номер счета замаскирован успешно
2025-01-21 14:23:38,742 INFO in module masks.py: номер карты замаскирован успешно
2025-01-21 14:23:38,742 INFO in module masks.py: номер счета замаскирован успешно
2025-01-21 14:23:38,743 INFO in module masks.py: номер карты замаскирован успешно
2025-01-21 14:23:38,743 INFO in module masks.py: номер карты замаскирован успешно
2025-01-21 14:23:38,745 INFO in module masks.py: номер счета замаскирован успешно
2025-01-21 14:23:38,745 INFO in module masks.py: номер счета замаскирован успешно
2025-01-21 14:23:38,746 INFO in module masks.py: номер карты замаскирован успешно
2025-01-21 14:23:38,746 INFO in module masks.py: номер карты замаскирован успешно
